// Jest Snapshot v1, https://goo.gl/fbAQLP

exports[`Gallery component matches snapshot 1`] = `
<DocumentFragment>
  <section>
    <h1
      data-testid="h1tag"
    >
      Portraits
    </h1>
    <p>
      Portraits of people in my life
    </p>
    <div>
      <div
        class="flex-row"
      >
        <img
          alt="Cat green eyes"
          class="img-thumbnail mx-1"
          src="0.jpg"
        />
        <img
          alt="Green parrot"
          class="img-thumbnail mx-1"
          src="1.jpg"
        />
        <img
          alt="Yellow macaw"
          class="img-thumbnail mx-1"
          src="2.jpg"
        />
        <img
          alt="Pug smile"
          class="img-thumbnail mx-1"
          src="3.jpg"
        />
      </div>
    </div>
  </section>
</DocumentFragment>
`;

exports[`Modal component matches snapshot DOM node structure 1`] = `
<DocumentFragment>
  <div
    class="modalBackdrop"
  >
    <div
      class="modalContainer"
    >
      <h3
        class="modalTitle"
      >
        Park bench
      </h3>
      <img
        alt="current category"
        src="1.jpg"
      />
      <p>
        Lorem ipsum dolor sit amet, consectetur adipiscing elit. Nunc ultricie
      </p>
      <button
        type="button"
      >
        Close this modal
      </button>
    </div>
  </div>
</DocumentFragment>
`;
